[11:21:09] [main/INFO]: Loading Minecraft 1.19.2 with Fabric Loader 0.16.14
[11:21:09] [ForkJoinPool-1-worker-4/WARN]: Mod travelersbackpack uses the version fabric-1.19.2-8.2.40 which isn't compatible with Loader's extended semantic version format (Could not parse version number component 'fabric'!), SemVer is recommended for reliably evaluating dependencies and prioritizing newer version
[11:21:09] [main/INFO]: Loading 97 mods:
	- azurelib 3.0.8
	   \-- mixinextras 0.4.1
	- balm-fabric 4.6.0
	- bettercombat 1.7.1+1.19
	- book_ofexperience_mr 1-v3.0.0
	- cardinal-components 5.0.2
	   |-- cardinal-components-base 5.0.2
	   |-- cardinal-components-block 5.0.2
	   |-- cardinal-components-chunk 5.0.2
	   |-- cardinal-components-entity 5.0.2
	   |-- cardinal-components-item 5.0.2
	   |-- cardinal-components-level 5.0.2
	   |-- cardinal-components-scoreboard 5.0.2
	   \-- cardinal-components-world 5.0.2
	- cloth-config 8.2.88
	   \-- cloth-basic-math 0.6.1
	- fabric-api 0.77.0+1.19.2
	   |-- fabric-api-base 0.4.15+8f4e8eb390
	   |-- fabric-api-lookup-api-v1 1.6.14+93d8cb8290
	   |-- fabric-biome-api-v1 9.1.1+16f1e31390
	   |-- fabric-block-api-v1 1.0.2+e415d50e90
	   |-- fabric-blockrenderlayer-v1 1.1.25+cafc6e8e90
	   |-- fabric-client-tags-api-v1 1.0.5+b35fea8390
	   |-- fabric-command-api-v1 1.2.16+f71b366f90
	   |-- fabric-command-api-v2 2.2.1+413cbbc790
	   |-- fabric-commands-v0 0.2.33+df3654b390
	   |-- fabric-containers-v0 0.1.42+df3654b390
	   |-- fabric-content-registries-v0 3.5.2+7c6cd14d90
	   |-- fabric-convention-tags-v1 1.3.0+4bc6e26290
	   |-- fabric-crash-report-info-v1 0.2.8+aeb40ebe90
	   |-- fabric-data-generation-api-v1 5.3.9+413cbbc790
	   |-- fabric-dimensions-v1 2.1.35+0d0f210290
	   |-- fabric-entity-events-v1 1.5.4+9244241690
	   |-- fabric-events-interaction-v0 0.4.34+562bff6e90
	   |-- fabric-events-lifecycle-v0 0.2.36+df3654b390
	   |-- fabric-game-rule-api-v1 1.0.24+b6b6abb490
	   |-- fabric-item-api-v1 1.6.6+b7d1888890
	   |-- fabric-item-groups-v0 0.3.39+9244241690
	   |-- fabric-key-binding-api-v1 1.0.25+5c4fce2890
	   |-- fabric-keybindings-v0 0.2.23+df3654b390
	   |-- fabric-lifecycle-events-v1 2.2.4+1b46dc7890
	   |-- fabric-loot-api-v2 1.1.13+83a8659290
	   |-- fabric-loot-tables-v1 1.1.16+9e7660c690
	   |-- fabric-message-api-v1 5.0.7+93d8cb8290
	   |-- fabric-mining-level-api-v1 2.1.24+33fbc73890
	   |-- fabric-models-v0 0.3.21+c6af733c90
	   |-- fabric-networking-api-v1 1.2.12+def3f86d90
	   |-- fabric-networking-v0 0.3.29+df3654b390
	   |-- fabric-object-builder-api-v1 4.2.2+d8ef690890
	   |-- fabric-particles-v1 1.1.0+ee641e7390
	   |-- fabric-recipe-api-v1 1.0.2+413cbbc790
	   |-- fabric-registry-sync-v0 0.9.33+9244241690
	   |-- fabric-renderer-api-v1 1.2.1+1adbf27790
	   |-- fabric-renderer-indigo 0.8.0+1adbf27790
	   |-- fabric-renderer-registries-v1 3.2.25+df3654b390
	   |-- fabric-rendering-data-attachment-v1 0.3.19+6e0787e690
	   |-- fabric-rendering-fluids-v1 3.0.11+4d0d570390
	   |-- fabric-rendering-v0 1.1.28+df3654b390
	   |-- fabric-rendering-v1 1.13.0+526f2c6790
	   |-- fabric-resource-conditions-api-v1 2.1.2+aae9039d90
	   |-- fabric-resource-loader-v0 0.8.4+edbdcddb90
	   |-- fabric-screen-api-v1 1.0.32+4d0d570390
	   |-- fabric-screen-handler-api-v1 1.3.8+1cc24b1b90
	   |-- fabric-sound-api-v1 1.0.2+c4f28df590
	   |-- fabric-textures-v0 1.0.24+aeb40ebe90
	   |-- fabric-transfer-api-v1 2.1.6+413cbbc790
	   \-- fabric-transitive-access-wideners-v1 1.3.3+08b73de490
	- fabricloader 0.16.14
	   \-- mixinextras 0.4.1
	- geckolib3 3.1.40
	   \-- com_eliotlash_mclib_mclib 20
	- guardvillagers 2.0.7-1.19.2
	   \-- midnightlib 1.0.0
	- java 21
	- jei 11.8.1.1034
	- lootr 0.4.29.72
	- minecraft 1.19.2
	- numismatic-overhaul 0.2.11.1+1.19
	   |-- cardinal-components-base 5.0.2
	   |-- cardinal-components-entity 5.0.2
	   \-- stacc 1.5.6-pre.1+1.19.2
	- owo 0.9.3+1.19
	   \-- blue_endless_jankson 1.2.1
	- paladins 0.9.6+1.19.2
	- player-animator 1.0.2
	- runes 0.9.8+1.19
	- simplyswords 1.27-1.19.x
	- smallships 2.0.0-b1.3.1
	   \-- forgeconfigapiport 4.2.11
	        |-- com_electronwill_night-config_core 3.6.5
	        \-- com_electronwill_night-config_toml 3.6.5
	- spell_engine 0.9.26+1.19
	- spell_power 0.9.12+1.19
	- t_and_t 1.10
	- travelersbackpack fabric-1.19.2-8.2.40
	   \-- reach-entity-attributes 2.3.0
	- trinkets 3.4.2
	- universal-graves 2.1.3+1.19.2
	   |-- common-protection-api 1.0.0
	   |-- fabric-permissions-api-v0 0.1-SNAPSHOT
	   |-- hologram-api 0.2.2+1.19
	   |-- placeholder-api 2.0.0-pre.1+1.19.2
	   |-- polymer 0.2.17+1.19.2
	   |    |-- packet_tweaker 0.3.0+1.18.2
	   |    \-- polymer-registry-sync-manipulator 0.0.3+1.19.2
	   |-- server_translations_api 1.4.18+1.19.2
	   |    \-- packet_tweaker 0.3.0+1.18.2
	   \-- sgui 1.1.5+1.19.1
	- villagersplus 1.9.2
	- waystones 11.1.0
	- wizards 0.9.17+1.19
	- xaerominimap 25.2.6
	- xp_storage 1.4.3+1.19
	- yet-another-config-lib 2.2.0-for-1.19.2
[11:21:09] [main/INFO]: SpongePowered MIXIN Subsystem Version=0.8.7 Source=file:/C:/Games/MinecraftServer/LatServer/libraries/net/fabricmc/sponge-mixin/0.15.5+mixin.0.8.7/sponge-mixin-0.15.5+mixin.0.8.7.jar Service=Knot/Fabric Env=SERVER
[11:21:10] [main/INFO]: Compatibility level set to JAVA_17
[11:21:11] [main/INFO]: Initializing MixinExtras via com.llamalad7.mixinextras.service.MixinExtrasServiceImpl(version=0.4.1).
[11:21:20] [main/INFO]: Building unoptimized datafixer
[11:21:23] [main/INFO]: Registered azurelib config for auto-sync function
[11:21:24] [main/INFO]: dead people should put things in their grave, I have bills to pay - Blodgharm
[11:21:25] [main/INFO]: Registering Mod Items for simplyswords
[11:21:25] [main/INFO]: Loading Towns and Towers!
[11:21:26] [main/INFO]: Registered the FluidEffect with Unique ID of minecraft:water for minecraft:water 81000 with the ID 0
[11:21:26] [main/INFO]: Registered the FluidEffect with Unique ID of minecraft:lava for minecraft:lava 81000 with the ID 1
[11:21:26] [main/INFO]: Registered the FluidEffect with Unique ID of travelersbackpack:potion for travelersbackpack:potion_still 27000 with the ID 2
[11:21:26] [main/INFO]: Registered the FluidEffect with Unique ID of travelersbackpack:milk for travelersbackpack:milk_still 81000 with the ID 3
[11:21:26] [main/INFO]: Registered JSON trade offer adapter.
[11:21:26] [main/INFO]: Loading Xaero's Minimap - Stage 1/2 (Server)
[11:21:26] [main/INFO]: Environment: authHost='https://authserver.mojang.com', accountsHost='https://api.mojang.com', sessionHost='https://sessionserver.mojang.com', servicesHost='https://api.minecraftservices.com', name='PROD'
[11:21:28] [main/INFO]: [fabric-registry-sync] Loaded registry data [file 1/4]
[11:21:30] [main/ERROR]: Parsing error loading recipe paladins:ruby_holy_staff
com.google.gson.JsonSyntaxException: Unknown item 'betternether:nether_ruby'
	at net.minecraft.class_1869.method_17878(class_1869.java:253) ~[server-intermediary.jar:?]
	at java.util.Optional.orElseThrow(Optional.java:403) ~[?:?]
	at net.minecraft.class_1869.method_8155(class_1869.java:253) ~[server-intermediary.jar:?]
	at net.minecraft.class_1856.method_8107(class_1856.java:162) ~[server-intermediary.jar:?]
	at net.minecraft.class_1856.method_8102(class_1856.java:145) ~[server-intermediary.jar:?]
	at net.minecraft.class_1869.method_8157(class_1869.java:233) ~[server-intermediary.jar:?]
	at net.minecraft.class_1869$class_1870.method_8164(class_1869.java:265) ~[server-intermediary.jar:?]
	at net.minecraft.class_1869$class_1870.method_8121(class_1869.java:260) ~[server-intermediary.jar:?]
	at net.minecraft.class_1863.method_17720(class_1863.java:135) ~[server-intermediary.jar:?]
	at net.minecraft.class_1863.method_20705(class_1863.java:56) ~[server-intermediary.jar:?]
	at net.minecraft.class_1863.method_18788(class_1863.java:35) ~[server-intermediary.jar:?]
	at net.minecraft.class_4080.method_18790(class_4080.java:13) ~[server-intermediary.jar:?]
	at java.util.concurrent.CompletableFuture$UniAccept.tryFire(CompletableFuture.java:718) ~[?:?]
	at java.util.concurrent.CompletableFuture$Completion.run(CompletableFuture.java:482) ~[?:?]
	at net.minecraft.class_4014.method_18365(class_4014.java:69) ~[server-intermediary.jar:?]
	at net.minecraft.class_156.method_43498(class_156.java:958) [server-intermediary.jar:?]
	at net.minecraft.class_156.method_43499(class_156.java:946) [server-intermediary.jar:?]
	at net.minecraft.server.Main.main(Main.java:156) [server-intermediary.jar:?]
	at net.fabricmc.loader.impl.game.minecraft.MinecraftGameProvider.launch(MinecraftGameProvider.java:480) [fabric-loader-0.16.14.jar:?]
	at net.fabricmc.loader.impl.launch.knot.Knot.launch(Knot.java:74) [fabric-loader-0.16.14.jar:?]
	at net.fabricmc.loader.impl.launch.knot.KnotServer.main(KnotServer.java:23) [fabric-loader-0.16.14.jar:?]
	at net.fabricmc.loader.impl.launch.server.FabricServerLauncher.main(FabricServerLauncher.java:69) [fabric-loader-0.16.14.jar:?]
[11:21:30] [main/ERROR]: Parsing error loading recipe wizards:staff_smaragdant_frost
com.google.gson.JsonSyntaxException: Unknown item 'betterend:smaragdant_crystal_shard'
	at net.minecraft.class_1869.method_17878(class_1869.java:253) ~[server-intermediary.jar:?]
	at java.util.Optional.orElseThrow(Optional.java:403) ~[?:?]
	at net.minecraft.class_1869.method_8155(class_1869.java:253) ~[server-intermediary.jar:?]
	at net.minecraft.class_1856.method_8107(class_1856.java:162) ~[server-intermediary.jar:?]
	at net.minecraft.class_1856.method_8102(class_1856.java:145) ~[server-intermediary.jar:?]
	at net.minecraft.class_1869.method_8157(class_1869.java:233) ~[server-intermediary.jar:?]
	at net.minecraft.class_1869$class_1870.method_8164(class_1869.java:265) ~[server-intermediary.jar:?]
	at net.minecraft.class_1869$class_1870.method_8121(class_1869.java:260) ~[server-intermediary.jar:?]
	at net.minecraft.class_1863.method_17720(class_1863.java:135) ~[server-intermediary.jar:?]
	at net.minecraft.class_1863.method_20705(class_1863.java:56) ~[server-intermediary.jar:?]
	at net.minecraft.class_1863.method_18788(class_1863.java:35) ~[server-intermediary.jar:?]
	at net.minecraft.class_4080.method_18790(class_4080.java:13) ~[server-intermediary.jar:?]
	at java.util.concurrent.CompletableFuture$UniAccept.tryFire(CompletableFuture.java:718) ~[?:?]
	at java.util.concurrent.CompletableFuture$Completion.run(CompletableFuture.java:482) ~[?:?]
	at net.minecraft.class_4014.method_18365(class_4014.java:69) ~[server-intermediary.jar:?]
	at net.minecraft.class_156.method_43498(class_156.java:958) [server-intermediary.jar:?]
	at net.minecraft.class_156.method_43499(class_156.java:946) [server-intermediary.jar:?]
	at net.minecraft.server.Main.main(Main.java:156) [server-intermediary.jar:?]
	at net.fabricmc.loader.impl.game.minecraft.MinecraftGameProvider.launch(MinecraftGameProvider.java:480) [fabric-loader-0.16.14.jar:?]
	at net.fabricmc.loader.impl.launch.knot.Knot.launch(Knot.java:74) [fabric-loader-0.16.14.jar:?]
	at net.fabricmc.loader.impl.launch.knot.KnotServer.main(KnotServer.java:23) [fabric-loader-0.16.14.jar:?]
	at net.fabricmc.loader.impl.launch.server.FabricServerLauncher.main(FabricServerLauncher.java:69) [fabric-loader-0.16.14.jar:?]
[11:21:30] [main/ERROR]: Parsing error loading recipe wizards:staff_crystal_arcane
com.google.gson.JsonSyntaxException: Unknown item 'betterend:crystal_shards'
	at net.minecraft.class_1869.method_17878(class_1869.java:253) ~[server-intermediary.jar:?]
	at java.util.Optional.orElseThrow(Optional.java:403) ~[?:?]
	at net.minecraft.class_1869.method_8155(class_1869.java:253) ~[server-intermediary.jar:?]
	at net.minecraft.class_1856.method_8107(class_1856.java:162) ~[server-intermediary.jar:?]
	at net.minecraft.class_1856.method_8102(class_1856.java:145) ~[server-intermediary.jar:?]
	at net.minecraft.class_1869.method_8157(class_1869.java:233) ~[server-intermediary.jar:?]
	at net.minecraft.class_1869$class_1870.method_8164(class_1869.java:265) ~[server-intermediary.jar:?]
	at net.minecraft.class_1869$class_1870.method_8121(class_1869.java:260) ~[server-intermediary.jar:?]
	at net.minecraft.class_1863.method_17720(class_1863.java:135) ~[server-intermediary.jar:?]
	at net.minecraft.class_1863.method_20705(class_1863.java:56) ~[server-intermediary.jar:?]
	at net.minecraft.class_1863.method_18788(class_1863.java:35) ~[server-intermediary.jar:?]
	at net.minecraft.class_4080.method_18790(class_4080.java:13) ~[server-intermediary.jar:?]
	at java.util.concurrent.CompletableFuture$UniAccept.tryFire(CompletableFuture.java:718) ~[?:?]
	at java.util.concurrent.CompletableFuture$Completion.run(CompletableFuture.java:482) ~[?:?]
	at net.minecraft.class_4014.method_18365(class_4014.java:69) ~[server-intermediary.jar:?]
	at net.minecraft.class_156.method_43498(class_156.java:958) [server-intermediary.jar:?]
	at net.minecraft.class_156.method_43499(class_156.java:946) [server-intermediary.jar:?]
	at net.minecraft.server.Main.main(Main.java:156) [server-intermediary.jar:?]
	at net.fabricmc.loader.impl.game.minecraft.MinecraftGameProvider.launch(MinecraftGameProvider.java:480) [fabric-loader-0.16.14.jar:?]
	at net.fabricmc.loader.impl.launch.knot.Knot.launch(Knot.java:74) [fabric-loader-0.16.14.jar:?]
	at net.fabricmc.loader.impl.launch.knot.KnotServer.main(KnotServer.java:23) [fabric-loader-0.16.14.jar:?]
	at net.fabricmc.loader.impl.launch.server.FabricServerLauncher.main(FabricServerLauncher.java:69) [fabric-loader-0.16.14.jar:?]
[11:21:30] [main/ERROR]: Parsing error loading recipe paladins:aeternium_claymore
com.google.gson.JsonSyntaxException: Unknown item 'betterend:aeternium_ingot'
	at net.minecraft.class_1869.method_17878(class_1869.java:253) ~[server-intermediary.jar:?]
	at java.util.Optional.orElseThrow(Optional.java:403) ~[?:?]
	at net.minecraft.class_1869.method_8155(class_1869.java:253) ~[server-intermediary.jar:?]
	at net.minecraft.class_1856.method_8107(class_1856.java:162) ~[server-intermediary.jar:?]
	at net.minecraft.class_1856.method_8102(class_1856.java:145) ~[server-intermediary.jar:?]
	at net.minecraft.class_1869.method_8157(class_1869.java:233) ~[server-intermediary.jar:?]
	at net.minecraft.class_1869$class_1870.method_8164(class_1869.java:265) ~[server-intermediary.jar:?]
	at net.minecraft.class_1869$class_1870.method_8121(class_1869.java:260) ~[server-intermediary.jar:?]
	at net.minecraft.class_1863.method_17720(class_1863.java:135) ~[server-intermediary.jar:?]
	at net.minecraft.class_1863.method_20705(class_1863.java:56) ~[server-intermediary.jar:?]
	at net.minecraft.class_1863.method_18788(class_1863.java:35) ~[server-intermediary.jar:?]
	at net.minecraft.class_4080.method_18790(class_4080.java:13) ~[server-intermediary.jar:?]
	at java.util.concurrent.CompletableFuture$UniAccept.tryFire(CompletableFuture.java:718) ~[?:?]
	at java.util.concurrent.CompletableFuture$Completion.run(CompletableFuture.java:482) ~[?:?]
	at net.minecraft.class_4014.method_18365(class_4014.java:69) ~[server-intermediary.jar:?]
	at net.minecraft.class_156.method_43498(class_156.java:958) [server-intermediary.jar:?]
	at net.minecraft.class_156.method_43499(class_156.java:946) [server-intermediary.jar:?]
	at net.minecraft.server.Main.main(Main.java:156) [server-intermediary.jar:?]
	at net.fabricmc.loader.impl.game.minecraft.MinecraftGameProvider.launch(MinecraftGameProvider.java:480) [fabric-loader-0.16.14.jar:?]
	at net.fabricmc.loader.impl.launch.knot.Knot.launch(Knot.java:74) [fabric-loader-0.16.14.jar:?]
	at net.fabricmc.loader.impl.launch.knot.KnotServer.main(KnotServer.java:23) [fabric-loader-0.16.14.jar:?]
	at net.fabricmc.loader.impl.launch.server.FabricServerLauncher.main(FabricServerLauncher.java:69) [fabric-loader-0.16.14.jar:?]
[11:21:30] [main/ERROR]: Parsing error loading recipe wizards:staff_ruby_fire
com.google.gson.JsonSyntaxException: Unknown item 'betternether:nether_ruby'
	at net.minecraft.class_1869.method_17878(class_1869.java:253) ~[server-intermediary.jar:?]
	at java.util.Optional.orElseThrow(Optional.java:403) ~[?:?]
	at net.minecraft.class_1869.method_8155(class_1869.java:253) ~[server-intermediary.jar:?]
	at net.minecraft.class_1856.method_8107(class_1856.java:162) ~[server-intermediary.jar:?]
	at net.minecraft.class_1856.method_8102(class_1856.java:145) ~[server-intermediary.jar:?]
	at net.minecraft.class_1869.method_8157(class_1869.java:233) ~[server-intermediary.jar:?]
	at net.minecraft.class_1869$class_1870.method_8164(class_1869.java:265) ~[server-intermediary.jar:?]
	at net.minecraft.class_1869$class_1870.method_8121(class_1869.java:260) ~[server-intermediary.jar:?]
	at net.minecraft.class_1863.method_17720(class_1863.java:135) ~[server-intermediary.jar:?]
	at net.minecraft.class_1863.method_20705(class_1863.java:56) ~[server-intermediary.jar:?]
	at net.minecraft.class_1863.method_18788(class_1863.java:35) ~[server-intermediary.jar:?]
	at net.minecraft.class_4080.method_18790(class_4080.java:13) ~[server-intermediary.jar:?]
	at java.util.concurrent.CompletableFuture$UniAccept.tryFire(CompletableFuture.java:718) ~[?:?]
	at java.util.concurrent.CompletableFuture$Completion.run(CompletableFuture.java:482) ~[?:?]
	at net.minecraft.class_4014.method_18365(class_4014.java:69) ~[server-intermediary.jar:?]
	at net.minecraft.class_156.method_43498(class_156.java:958) [server-intermediary.jar:?]
	at net.minecraft.class_156.method_43499(class_156.java:946) [server-intermediary.jar:?]
	at net.minecraft.server.Main.main(Main.java:156) [server-intermediary.jar:?]
	at net.fabricmc.loader.impl.game.minecraft.MinecraftGameProvider.launch(MinecraftGameProvider.java:480) [fabric-loader-0.16.14.jar:?]
	at net.fabricmc.loader.impl.launch.knot.Knot.launch(Knot.java:74) [fabric-loader-0.16.14.jar:?]
	at net.fabricmc.loader.impl.launch.knot.KnotServer.main(KnotServer.java:23) [fabric-loader-0.16.14.jar:?]
	at net.fabricmc.loader.impl.launch.server.FabricServerLauncher.main(FabricServerLauncher.java:69) [fabric-loader-0.16.14.jar:?]
[11:21:30] [main/ERROR]: Parsing error loading recipe paladins:aeternium_great_hammer
com.google.gson.JsonSyntaxException: Unknown item 'betterend:aeternium_ingot'
	at net.minecraft.class_1869.method_17878(class_1869.java:253) ~[server-intermediary.jar:?]
	at java.util.Optional.orElseThrow(Optional.java:403) ~[?:?]
	at net.minecraft.class_1869.method_8155(class_1869.java:253) ~[server-intermediary.jar:?]
	at net.minecraft.class_1856.method_8107(class_1856.java:162) ~[server-intermediary.jar:?]
	at net.minecraft.class_1856.method_8102(class_1856.java:145) ~[server-intermediary.jar:?]
	at net.minecraft.class_1869.method_8157(class_1869.java:233) ~[server-intermediary.jar:?]
	at net.minecraft.class_1869$class_1870.method_8164(class_1869.java:265) ~[server-intermediary.jar:?]
	at net.minecraft.class_1869$class_1870.method_8121(class_1869.java:260) ~[server-intermediary.jar:?]
	at net.minecraft.class_1863.method_17720(class_1863.java:135) ~[server-intermediary.jar:?]
	at net.minecraft.class_1863.method_20705(class_1863.java:56) ~[server-intermediary.jar:?]
	at net.minecraft.class_1863.method_18788(class_1863.java:35) ~[server-intermediary.jar:?]
	at net.minecraft.class_4080.method_18790(class_4080.java:13) ~[server-intermediary.jar:?]
	at java.util.concurrent.CompletableFuture$UniAccept.tryFire(CompletableFuture.java:718) ~[?:?]
	at java.util.concurrent.CompletableFuture$Completion.run(CompletableFuture.java:482) ~[?:?]
	at net.minecraft.class_4014.method_18365(class_4014.java:69) ~[server-intermediary.jar:?]
	at net.minecraft.class_156.method_43498(class_156.java:958) [server-intermediary.jar:?]
	at net.minecraft.class_156.method_43499(class_156.java:946) [server-intermediary.jar:?]
	at net.minecraft.server.Main.main(Main.java:156) [server-intermediary.jar:?]
	at net.fabricmc.loader.impl.game.minecraft.MinecraftGameProvider.launch(MinecraftGameProvider.java:480) [fabric-loader-0.16.14.jar:?]
	at net.fabricmc.loader.impl.launch.knot.Knot.launch(Knot.java:74) [fabric-loader-0.16.14.jar:?]
	at net.fabricmc.loader.impl.launch.knot.KnotServer.main(KnotServer.java:23) [fabric-loader-0.16.14.jar:?]
	at net.fabricmc.loader.impl.launch.server.FabricServerLauncher.main(FabricServerLauncher.java:69) [fabric-loader-0.16.14.jar:?]
[11:21:30] [main/INFO]: Loaded 8 recipes
[11:21:30] [main/INFO]: Loaded 1363 advancements
[11:21:30] [ForkJoinPool.commonPool-worker-1/INFO]: Loaded 5483 translation keys
[11:21:30] [main/INFO]: Deserializing default trades of profession: villagersplus:alchemist
[11:21:30] [main/INFO]: Deserializing default trades of profession: villagersplus:horticulturist
[11:21:30] [main/INFO]: Deserializing default trades of profession: villagersplus:occultist
[11:21:30] [main/INFO]: Deserializing default trades of profession: villagersplus:oceanographer
[11:21:32] [main/INFO]: Applied 63 biome modifications to 63 of 63 new biomes in 22.92 ms
[11:21:33] [Server thread/INFO]: Starting minecraft server version 1.19.2
[11:21:33] [Server thread/INFO]: Loading properties
[11:21:33] [Server thread/INFO]: Default game type: SURVIVAL
[11:21:33] [Server thread/INFO]: Generating keypair
[11:21:33] [Server thread/INFO]: Starting Minecraft server on *:25565
[11:21:33] [Server thread/INFO]: Using default channel type
[11:21:33] [Server thread/WARN]: **** SERVER IS RUNNING IN OFFLINE/INSECURE MODE!
[11:21:33] [Server thread/WARN]: The server will make no attempt to authenticate usernames. Beware.
[11:21:33] [Server thread/WARN]: While this makes the game possible to play without internet access, it also opens up the ability for hackers to connect with any username they choose.
[11:21:33] [Server thread/WARN]: To change this, set "online-mode" to "true" in the server.properties file.
[11:21:33] [Server thread/INFO]: Preparing level "world_2"
[11:21:34] [Server thread/INFO]: Preparing start region for dimension minecraft:overworld
[11:21:46] [Worker-Main-8/INFO]: Preparing spawn area: 0%
[11:21:46] [Worker-Main-10/INFO]: Preparing spawn area: 0%
[11:21:46] [Worker-Main-15/INFO]: Preparing spawn area: 0%
[11:21:46] [Worker-Main-15/INFO]: Preparing spawn area: 0%
[11:21:46] [Worker-Main-10/INFO]: Preparing spawn area: 0%
[11:21:46] [Worker-Main-10/INFO]: Preparing spawn area: 0%
[11:21:46] [Worker-Main-6/INFO]: Preparing spawn area: 0%
[11:21:46] [Worker-Main-4/INFO]: Preparing spawn area: 0%
[11:21:46] [Worker-Main-4/INFO]: Preparing spawn area: 0%
[11:21:46] [Worker-Main-8/INFO]: Preparing spawn area: 0%
[11:21:46] [Worker-Main-13/INFO]: Preparing spawn area: 0%
[11:21:46] [Worker-Main-12/INFO]: Preparing spawn area: 0%
[11:21:46] [Worker-Main-12/INFO]: Preparing spawn area: 0%
[11:21:46] [Worker-Main-13/INFO]: Preparing spawn area: 0%
[11:21:46] [Worker-Main-12/INFO]: Preparing spawn area: 0%
[11:21:46] [Worker-Main-12/INFO]: Preparing spawn area: 0%
[11:21:46] [Worker-Main-13/INFO]: Preparing spawn area: 0%
[11:21:46] [Worker-Main-13/INFO]: Preparing spawn area: 0%
[11:21:46] [Worker-Main-12/INFO]: Preparing spawn area: 0%
[11:21:46] [Worker-Main-12/INFO]: Preparing spawn area: 0%
[11:21:46] [Worker-Main-12/INFO]: Preparing spawn area: 0%
[11:21:46] [Worker-Main-13/INFO]: Preparing spawn area: 0%
[11:21:46] [Worker-Main-13/INFO]: Preparing spawn area: 0%
[11:21:46] [Worker-Main-13/INFO]: Preparing spawn area: 0%
[11:21:46] [Worker-Main-4/INFO]: Preparing spawn area: 0%
[11:21:46] [Worker-Main-12/INFO]: Preparing spawn area: 0%
[11:21:47] [Worker-Main-8/INFO]: Preparing spawn area: 9%
[11:21:47] [Worker-Main-4/INFO]: Preparing spawn area: 16%
[11:21:48] [Worker-Main-6/INFO]: Preparing spawn area: 16%
[11:21:48] [Worker-Main-8/INFO]: Preparing spawn area: 57%
[11:21:49] [Worker-Main-15/INFO]: Preparing spawn area: 84%
[11:21:50] [Server thread/INFO]: Time elapsed: 16334 ms
[11:21:50] [Server thread/INFO]: Done (16.692s)! For help, type "help"
[11:21:51] [Server thread/INFO]: Encoded Weapon Attribute registry size (with package overhead): 90668 bytes (in 10 string chunks with the size of 10000)
[11:21:51] [Server thread/INFO]: [STDOUT]: Encoded SpellRegistry size (with package overhead): 41472 bytes (in 5 string chunks with the size of 10000)
[11:21:51] [Server thread/INFO]: Loading Xaero's Minimap - Stage 2/2 (Server)
[11:26:33] [Server thread/INFO]: [Handshake] Sending channel query
[11:26:34] [Netty Server IO #1/INFO]: [Handshake] Receiving client channels
[11:26:34] [Netty Server IO #1/INFO]: [Handshake] Handshake completed successfully
[11:26:38] [Server thread/INFO]: LAT_ROMMI[/127.0.0.1:51175] logged in with entity id 115 at (-229.84849607213548, 75.0, 33.22838447536826)
[11:26:38] [Server thread/INFO]: Loading config from file...
[11:26:39] [Server thread/INFO]: LAT_ROMMI joined the game
[11:26:42] [Server thread/WARN]: Can't keep up! Is the server overloaded? Running 4002ms or 80 ticks behind
[11:27:09] [Server thread/WARN]: Can't keep up! Is the server overloaded? Running 11757ms or 235 ticks behind
[11:27:28] [Server thread/WARN]: Can't keep up! Is the server overloaded? Running 4351ms or 87 ticks behind
[11:27:49] [Server thread/WARN]: Can't keep up! Is the server overloaded? Running 5636ms or 112 ticks behind
[11:28:06] [Server thread/WARN]: Can't keep up! Is the server overloaded? Running 2495ms or 49 ticks behind
[12:40:42] [Server thread/WARN]: Can't keep up! Is the server overloaded? Running 2343ms or 46 ticks behind
[12:41:00] [Server thread/WARN]: Can't keep up! Is the server overloaded? Running 2268ms or 45 ticks behind
[12:47:30] [Server thread/WARN]: Can't keep up! Is the server overloaded? Running 24693ms or 493 ticks behind
[12:54:41] [Server thread/WARN]: Can't keep up! Is the server overloaded? Running 2277ms or 45 ticks behind
[12:55:01] [Server thread/WARN]: Can't keep up! Is the server overloaded? Running 4833ms or 96 ticks behind
[12:55:26] [Server thread/WARN]: Can't keep up! Is the server overloaded? Running 2019ms or 40 ticks behind
[12:57:09] [Server thread/WARN]: Can't keep up! Is the server overloaded? Running 30482ms or 609 ticks behind
[12:57:09] [Server thread/INFO]: LAT_ROMMI lost connection: Disconnected
[12:57:09] [Server thread/INFO]: LAT_ROMMI left the game
[12:57:23] [Server thread/INFO]: [Handshake] Sending channel query
[12:57:23] [Netty Server IO #2/INFO]: [Handshake] Receiving client channels
[12:57:23] [Netty Server IO #2/INFO]: [Handshake] Handshake completed successfully
[12:57:24] [Server thread/INFO]: LAT_ROMMI[/127.0.0.1:51716] logged in with entity id 19984 at (790.2288910293914, 40.0, 760.6457423416198)
[12:57:24] [Server thread/INFO]: Loading config from file...
[12:57:24] [Server thread/INFO]: LAT_ROMMI joined the game
[12:57:30] [Server thread/WARN]: Can't keep up! Is the server overloaded? Running 6825ms or 136 ticks behind
[13:00:55] [Server thread/WARN]: Can't keep up! Is the server overloaded? Running 2059ms or 41 ticks behind
[13:01:39] [Server thread/WARN]: Can't keep up! Is the server overloaded? Running 3543ms or 70 ticks behind
[13:02:25] [Server thread/WARN]: Can't keep up! Is the server overloaded? Running 2080ms or 41 ticks behind
[13:05:11] [Server thread/WARN]: LAT_ROMMI moved too quickly! -3.2697640877896674,0.3696299918222792,-9.987075305366375
[13:05:17] [Server thread/WARN]: Can't keep up! Is the server overloaded? Running 2057ms or 41 ticks behind
[13:05:53] [Server thread/WARN]: Can't keep up! Is the server overloaded? Running 2203ms or 44 ticks behind
[13:06:16] [Server thread/WARN]: Can't keep up! Is the server overloaded? Running 2105ms or 42 ticks behind
[13:06:46] [Server thread/WARN]: Can't keep up! Is the server overloaded? Running 2070ms or 41 ticks behind
[13:06:56] [Worker-Main-23/ERROR]: Hanging entity at invalid position: class_2338{x=-21, y=-51, z=186}
[13:07:00] [Worker-Main-23/ERROR]: Hanging entity at invalid position: class_2338{x=-49, y=-56, z=187}
[13:07:00] [Worker-Main-23/ERROR]: Hanging entity at invalid position: class_2338{x=-49, y=-56, z=189}
[13:07:00] [Worker-Main-23/ERROR]: Hanging entity at invalid position: class_2338{x=-48, y=-56, z=186}
[13:07:00] [Worker-Main-23/ERROR]: Hanging entity at invalid position: class_2338{x=-45, y=-56, z=187}
[13:07:00] [Worker-Main-23/ERROR]: Hanging entity at invalid position: class_2338{x=-46, y=-56, z=186}
[13:07:00] [Worker-Main-23/ERROR]: Hanging entity at invalid position: class_2338{x=-48, y=-56, z=190}
[13:07:00] [Worker-Main-23/ERROR]: Hanging entity at invalid position: class_2338{x=-46, y=-56, z=190}
[13:07:00] [Worker-Main-23/ERROR]: Hanging entity at invalid position: class_2338{x=-45, y=-56, z=189}
[13:07:06] [Server thread/WARN]: Can't keep up! Is the server overloaded? Running 4957ms or 99 ticks behind
[13:07:24] [Server thread/WARN]: Can't keep up! Is the server overloaded? Running 2254ms or 45 ticks behind
[13:07:44] [Server thread/WARN]: Can't keep up! Is the server overloaded? Running 5404ms or 108 ticks behind
[13:09:22] [Server thread/WARN]: Can't keep up! Is the server overloaded? Running 2026ms or 40 ticks behind
[13:09:46] [Server thread/WARN]: Can't keep up! Is the server overloaded? Running 2174ms or 43 ticks behind
[13:10:11] [Server thread/WARN]: Can't keep up! Is the server overloaded? Running 2065ms or 41 ticks behind
[13:10:29] [Server thread/WARN]: Can't keep up! Is the server overloaded? Running 2369ms or 47 ticks behind
[13:10:46] [Server thread/WARN]: Can't keep up! Is the server overloaded? Running 2105ms or 42 ticks behind
[13:11:20] [Server thread/WARN]: Can't keep up! Is the server overloaded? Running 2053ms or 41 ticks behind
[13:13:18] [Server thread/WARN]: Can't keep up! Is the server overloaded? Running 2014ms or 40 ticks behind
[13:21:12] [Server thread/WARN]: Can't keep up! Is the server overloaded? Running 2527ms or 50 ticks behind
[13:25:13] [Server thread/INFO]: Villager class_1646['Villager'/21222, l='ServerLevel[world_2]', x=932.18, y=62.42, z=934.68] died, message: 'Villager suffocated in a wall'
[13:26:24] [Server thread/WARN]: Can't keep up! Is the server overloaded? Running 2352ms or 47 ticks behind
[13:27:47] [Server thread/WARN]: Can't keep up! Is the server overloaded? Running 2159ms or 43 ticks behind
[13:28:10] [Server thread/WARN]: Can't keep up! Is the server overloaded? Running 2294ms or 45 ticks behind
[13:34:34] [Server thread/WARN]: Can't keep up! Is the server overloaded? Running 2093ms or 41 ticks behind
[13:36:05] [Server thread/WARN]: Can't keep up! Is the server overloaded? Running 2063ms or 41 ticks behind
[13:36:52] [Server thread/INFO]: LAT_ROMMI lost connection: Disconnected
[13:36:52] [Server thread/INFO]: LAT_ROMMI left the game
[13:36:54] [Server thread/WARN]: Can't keep up! Is the server overloaded? Running 34730ms or 694 ticks behind
[13:37:12] [Server thread/INFO]: [Handshake] Sending channel query
[13:37:12] [Netty Server IO #3/INFO]: [Handshake] Receiving client channels
[13:37:12] [Netty Server IO #3/INFO]: [Handshake] Handshake completed successfully
[13:37:12] [Server thread/INFO]: LAT_ROMMI[/127.0.0.1:51719] logged in with entity id 26103 at (934.9902795723798, 67.0, 934.8301397903858)
[13:37:12] [Server thread/INFO]: Loading config from file...
[13:37:12] [Server thread/INFO]: LAT_ROMMI joined the game
[13:37:36] [Server thread/WARN]: Can't keep up! Is the server overloaded? Running 2137ms or 42 ticks behind
[13:41:33] [Server thread/INFO]: Villager class_1646['Villager'/26119, l='ServerLevel[world_2]', x=932.18, y=62.42, z=934.68] died, message: 'Villager suffocated in a wall'
[13:46:23] [Server thread/INFO]: LAT_ROMMI has made the advancement [Local Brewery]
[13:46:39] [Server thread/INFO]: Villager class_1646['Fisherman'/26182, l='ServerLevel[world_2]', x=936.70, y=62.70, z=949.09] died, message: 'Fisherman was slain by Drowned'
[13:58:59] [Server thread/WARN]: Can't keep up! Is the server overloaded? Running 2218ms or 44 ticks behind
[13:59:18] [Server thread/WARN]: Can't keep up! Is the server overloaded? Running 3930ms or 78 ticks behind
[13:59:50] [Server thread/INFO]: LAT_ROMMI has made the advancement [Voluntary Exile]
[14:04:38] [Server thread/WARN]: Can't keep up! Is the server overloaded? Running 2030ms or 40 ticks behind
[14:07:17] [Server thread/WARN]: Can't keep up! Is the server overloaded? Running 2041ms or 40 ticks behind
[14:10:05] [Server thread/WARN]: Can't keep up! Is the server overloaded? Running 2145ms or 42 ticks behind
[14:16:50] [Server thread/WARN]: Can't keep up! Is the server overloaded? Running 2096ms or 41 ticks behind
[14:17:24] [Server thread/WARN]: Can't keep up! Is the server overloaded? Running 2025ms or 40 ticks behind
[14:17:42] [Server thread/WARN]: Can't keep up! Is the server overloaded? Running 2103ms or 42 ticks behind
[14:19:17] [Server thread/WARN]: Can't keep up! Is the server overloaded? Running 2378ms or 47 ticks behind
[14:35:44] [Server thread/WARN]: Can't keep up! Is the server overloaded? Running 2456ms or 49 ticks behind
[14:37:11] [Server thread/WARN]: Can't keep up! Is the server overloaded? Running 2276ms or 45 ticks behind
[14:41:30] [Server thread/INFO]: Villager class_1646['Villager'/26268, l='ServerLevel[world_2]', x=1025.42, y=69.00, z=947.52] died, message: 'Villager was shot by Pillager'
[14:41:45] [Server thread/WARN]: Can't keep up! Is the server overloaded? Running 2109ms or 42 ticks behind
[14:45:46] [Server thread/INFO]: Villager class_1646['Villager'/26181, l='ServerLevel[world_2]', x=963.20, y=61.31, z=946.78] died, message: 'Villager was slain by Drowned'
[14:46:54] [Server thread/WARN]: Can't keep up! Is the server overloaded? Running 2238ms or 44 ticks behind
[14:47:20] [Server thread/INFO]: Villager class_1646['Villager'/26271, l='ServerLevel[world_2]', x=1052.68, y=67.19, z=954.30] died, message: 'Villager was shot by Pillager'
[14:47:47] [Server thread/WARN]: Can't keep up! Is the server overloaded? Running 2691ms or 53 ticks behind
[14:49:03] [Server thread/INFO]: LAT_ROMMI lost connection: Disconnected
[14:49:03] [Server thread/INFO]: LAT_ROMMI left the game
[15:16:35] [Server thread/INFO]: [Handshake] Sending channel query
[15:16:35] [Netty Server IO #4/INFO]: [Handshake] Receiving client channels
[15:16:35] [Netty Server IO #4/INFO]: [Handshake] Handshake completed successfully
[15:16:35] [Server thread/INFO]: LAT_ROMMI[/127.0.0.1:51734] logged in with entity id 36506 at (1059.302648837329, 67.0, 947.8642814765478)
[15:16:35] [Server thread/INFO]: Loading config from file...
[15:16:35] [Server thread/INFO]: LAT_ROMMI joined the game
[15:16:51] [Server thread/WARN]: Can't keep up! Is the server overloaded? Running 2071ms or 41 ticks behind
[15:16:59] [Server thread/INFO]: Villager class_1646['Villager'/36662, l='ServerLevel[world_2]', x=969.67, y=62.53, z=963.70] died, message: 'Villager was shot by Pillager'
[15:26:58] [Server thread/WARN]: Can't keep up! Is the server overloaded? Running 2061ms or 41 ticks behind
[15:27:20] [Server thread/WARN]: Can't keep up! Is the server overloaded? Running 6447ms or 128 ticks behind
[15:27:45] [Server thread/WARN]: Can't keep up! Is the server overloaded? Running 2074ms or 41 ticks behind
[15:28:07] [Server thread/WARN]: Can't keep up! Is the server overloaded? Running 6947ms or 138 ticks behind
[15:28:25] [Server thread/WARN]: Can't keep up! Is the server overloaded? Running 2755ms or 55 ticks behind
[15:34:51] [Server thread/WARN]: Can't keep up! Is the server overloaded? Running 2095ms or 41 ticks behind
[15:38:21] [Server thread/WARN]: Can't keep up! Is the server overloaded? Running 2223ms or 44 ticks behind
[15:40:36] [Server thread/WARN]: Can't keep up! Is the server overloaded? Running 2009ms or 40 ticks behind
[15:40:53] [Server thread/WARN]: Can't keep up! Is the server overloaded? Running 2049ms or 40 ticks behind
[15:48:56] [Server thread/INFO]: [LAT_ROMMI: Triggered [ps_boe] (set value to 8)]
[15:48:58] [Server thread/INFO]: [LAT_ROMMI: Triggered [ps_boe] (set value to 3)]
[15:49:02] [Server thread/WARN]: LAT_ROMMI moved too quickly! -3166.800000011921,0.5,-1192.330729271658
[15:49:07] [Server thread/WARN]: Can't keep up! Is the server overloaded? Running 2067ms or 41 ticks behind
[16:24:49] [Server thread/WARN]: Can't keep up! Is the server overloaded? Running 2330ms or 46 ticks behind
[16:25:07] [Server thread/WARN]: Can't keep up! Is the server overloaded? Running 2246ms or 44 ticks behind
[16:26:34] [Server thread/INFO]: [LAT_ROMMI: Triggered [ps_boe] (set value to 2)]
[16:26:36] [Server thread/INFO]: [LAT_ROMMI: Triggered [ps_boe] (set value to 2)]
[16:27:16] [Server thread/INFO]: [LAT_ROMMI: Triggered [ps_boe] (set value to 8)]
[16:27:25] [Server thread/INFO]: [LAT_ROMMI: Triggered [ps_boe] (set value to 2)]
[16:27:26] [Server thread/INFO]: [LAT_ROMMI: Triggered [ps_boe] (set value to 2)]
[16:29:47] [Server thread/INFO]: [LAT_ROMMI: Triggered [ps_boe] (set value to 4)]
[16:30:13] [Server thread/INFO]: [LAT_ROMMI: Triggered [ps_boe] (set value to 3)]
[16:30:46] [Server thread/INFO]: [LAT_ROMMI: Triggered [ps_boe] (set value to 3)]
[16:30:58] [Server thread/INFO]: [LAT_ROMMI: Triggered [ps_boe] (set value to 3)]
[16:31:14] [Server thread/INFO]: [LAT_ROMMI: Triggered [ps_boe] (set value to 3)]
[16:31:37] [Server thread/INFO]: [LAT_ROMMI: Triggered [ps_boe] (set value to 3)]
[16:33:53] [Server thread/INFO]: [LAT_ROMMI: Triggered [ps_boe] (set value to 3)]
[16:34:14] [Server thread/INFO]: [LAT_ROMMI: Triggered [ps_boe] (set value to 3)]
[16:34:28] [Server thread/INFO]: [LAT_ROMMI: Triggered [ps_boe] (set value to 3)]
[16:34:44] [Server thread/INFO]: [LAT_ROMMI: Triggered [ps_boe] (set value to 3)]
[16:35:25] [Server thread/INFO]: [LAT_ROMMI: Triggered [ps_boe] (set value to 5)]
[16:35:26] [Server thread/INFO]: [LAT_ROMMI: Triggered [ps_boe] (set value to 8)]
[16:35:28] [Server thread/INFO]: [LAT_ROMMI: Triggered [ps_boe] (set value to 3)]
[16:48:54] [Server thread/INFO]: [LAT_ROMMI: Triggered [ps_boe] (set value to 5)]
[16:48:55] [Server thread/INFO]: [LAT_ROMMI: Triggered [ps_boe] (set value to 8)]
[16:48:57] [Server thread/INFO]: [LAT_ROMMI: Triggered [ps_boe] (set value to 2)]
[16:48:58] [Server thread/INFO]: [LAT_ROMMI: Triggered [ps_boe] (set value to 2)]
[16:49:07] [Server thread/INFO]: [LAT_ROMMI: Triggered [ps_boe] (set value to 2)]
[18:06:26] [Server thread/INFO]: LAT_ROMMI lost connection: Disconnected
[18:06:26] [Server thread/INFO]: LAT_ROMMI left the game
[18:07:28] [Server thread/INFO]: Stopping the server
[18:07:28] [Server thread/INFO]: Stopping server
[18:07:28] [Server thread/INFO]: Saving players
[18:07:28] [Server thread/INFO]: Saving worlds
[18:07:29] [Server thread/INFO]: Saving chunks for level 'ServerLevel[world_2]'/minecraft:overworld
[18:07:29] [Server thread/INFO]: Saving chunks for level 'ServerLevel[world_2]'/minecraft:the_end
[18:07:29] [Server thread/INFO]: Saving chunks for level 'ServerLevel[world_2]'/minecraft:the_nether
[18:07:29] [Server thread/INFO]: ThreadedAnvilChunkStorage (world_2): All chunks are saved
[18:07:29] [Server thread/INFO]: ThreadedAnvilChunkStorage (DIM1): All chunks are saved
[18:07:29] [Server thread/INFO]: ThreadedAnvilChunkStorage (DIM-1): All chunks are saved
[18:07:29] [Server thread/INFO]: ThreadedAnvilChunkStorage: All dimensions are saved
